declare namespace {
export type TestSingleLiteralTypeScriptTypeAttribute = {
property: Array<{label: string, value: string}>
};

}
