declare namespace {
export type TestObjectLiteralTypeScriptTypeAttribute = {
property: {
label: string
value: string
}
};

}
