export type WriteableFile = {
path: string
contents: string
};
export type TestSingleTypeScriptTypeAttribute = {
property: Record<number, WriteableFile>
};
